[lmpixels.com/demo/sunshine/sunshine-version-2/sunshine-html-template/index.html]
[backblue.gif]
[fade.gif]
[index.html]
[lmpixels.com/demo/sunshine/sunshine-version-2/sunshine-html-template/favicon.ico]
[lmpixels.com/demo/sunshine/sunshine-version-2/sunshine-html-template/css/bootstrap.css]
[lmpixels.com/demo/sunshine/sunshine-version-2/sunshine-html-template/css/normalize.css]
[lmpixels.com/demo/sunshine/sunshine-version-2/sunshine-html-template/css/transition-animations.css]
[lmpixels.com/demo/sunshine/sunshine-version-2/sunshine-html-template/css/owl.carousel.css]
[lmpixels.com/demo/sunshine/sunshine-version-2/sunshine-html-template/css/magnific-popup.css]
[lmpixels.com/demo/sunshine/sunshine-version-2/sunshine-html-template/css/animate.css]
[lmpixels.com/demo/sunshine/sunshine-version-2/sunshine-html-template/css/main.css]
[lmpixels.com/demo/sunshine/sunshine-version-2/sunshine-html-template/preview/lmpixels-demo-panel.css]
[www.google-analytics.com/analytics.js]
[lmpixels.com/demo/sunshine/sunshine-version-2/sunshine-html-template/js/modernizr.custom.js]
[www.google.com/recaptcha/api.js]
[lmpixels.com/demo/sunshine/sunshine-version-2/sunshine-html-template/images/my_photo.png]
[lmpixels.com/demo/sunshine/sunshine-version-2/sunshine-html-template/images/home_page_bg_2.jpg]
[lmpixels.com/demo/sunshine/sunshine-version-2/sunshine-html-template/images/testimonials/testimonila_photo_2.png]
[lmpixels.com/demo/sunshine/sunshine-version-2/sunshine-html-template/js/jquery-2.1.3.min.js]
[lmpixels.com/demo/sunshine/sunshine-version-2/sunshine-html-template/images/testimonials/testimonial_photo_1.png]
[lmpixels.com/demo/sunshine/sunshine-version-2/sunshine-html-template/images/service/web_design.png]
[lmpixels.com/demo/sunshine/sunshine-version-2/sunshine-html-template/images/service/copywrite.png]
[lmpixels.com/demo/sunshine/sunshine-version-2/sunshine-html-template/images/service/ecommerce.png]
[lmpixels.com/demo/sunshine/sunshine-version-2/sunshine-html-template/images/service/management.png]
[lmpixels.com/demo/sunshine/sunshine-version-2/sunshine-html-template/images/clients/client_1.png]
[lmpixels.com/demo/sunshine/sunshine-version-2/sunshine-html-template/images/clients/client_2.png]
[lmpixels.com/demo/sunshine/sunshine-version-2/sunshine-html-template/images/clients/client_3.png]
[lmpixels.com/demo/sunshine/sunshine-version-2/sunshine-html-template/images/clients/client_4.png]
[lmpixels.com/demo/sunshine/sunshine-version-2/sunshine-html-template/images/clients/client_5.png]
[lmpixels.com/demo/sunshine/sunshine-version-2/sunshine-html-template/images/clients/client_6.png]
[lmpixels.com/demo/sunshine/sunshine-version-2/sunshine-html-template/portfolio-1.html]
[lmpixels.com/demo/sunshine/sunshine-version-2/sunshine-html-template/images/portfolio/1.jpg]
[lmpixels.com/demo/sunshine/sunshine-version-2/sunshine-html-template/images/portfolio/2.jpg]
[lmpixels.com/demo/sunshine/sunshine-version-2/sunshine-html-template/images/portfolio/3.jpg]
[lmpixels.com/demo/sunshine/sunshine-version-2/sunshine-html-template/images/portfolio/4.jpg]
[lmpixels.com/demo/sunshine/sunshine-version-2/sunshine-html-template/images/portfolio/5.jpg]
[lmpixels.com/demo/sunshine/sunshine-version-2/sunshine-html-template/images/portfolio/6.jpg]
[lmpixels.com/demo/sunshine/sunshine-version-2/sunshine-html-template/images/portfolio/7.jpg]
[lmpixels.com/demo/sunshine/sunshine-version-2/sunshine-html-template/images/portfolio/8.jpg]
[lmpixels.com/demo/sunshine/sunshine-version-2/sunshine-html-template/images/portfolio/9.jpg]
[lmpixels.com/demo/sunshine/sunshine-version-2/sunshine-html-template/images/portfolio/10.jpg]
[lmpixels.com/demo/sunshine/sunshine-version-2/sunshine-html-template/images/portfolio/11.jpg]
[lmpixels.com/demo/sunshine/sunshine-version-2/sunshine-html-template/images/portfolio/12.jpg]
[lmpixels.com/demo/sunshine/sunshine-version-2/sunshine-html-template/blog-post-1.html]
[lmpixels.com/demo/sunshine/sunshine-version-2/sunshine-html-template/images/blog/blog_post_1.jpg]
[lmpixels.com/demo/sunshine/sunshine-version-2/sunshine-html-template/images/blog/blog_post_2.jpg]
[lmpixels.com/demo/sunshine/sunshine-version-2/sunshine-html-template/images/blog/blog_post_3.jpg]
[lmpixels.com/demo/sunshine/sunshine-version-2/sunshine-html-template/images/blog/blog_post_4.jpg]
[lmpixels.com/demo/sunshine/sunshine-version-2/sunshine-html-template/images/blog/blog_post_5.jpg]
[lmpixels.com/demo/sunshine/sunshine-version-2/sunshine-html-template/images/blog/blog_post_6.jpg]
[lmpixels.com/demo/sunshine/sunshine-version-2/sunshine-html-template/images/blog/blog_post_7.jpg]
[lmpixels.com/demo/sunshine/sunshine-version-2/sunshine-html-template/images/blog/blog_post_8.jpg]
[lmpixels.com/demo/sunshine/sunshine-version-2/sunshine-html-template/index-2.html]
[lmpixels.com/demo/sunshine/sunshine-version-2/sunshine-html-template/js/bootstrap.min.js]
[lmpixels.com/demo/sunshine/sunshine-version-2/sunshine-html-template/js/page-transition.js]
[lmpixels.com/demo/sunshine/sunshine-version-2/sunshine-html-template/js/imagesloaded.pkgd.min.js]
[lmpixels.com/demo/sunshine/sunshine-version-2/sunshine-html-template/js/validator.js]
[lmpixels.com/demo/sunshine/sunshine-version-2/sunshine-html-template/js/jquery.shuffle.min.js]
[lmpixels.com/demo/sunshine/sunshine-version-2/sunshine-html-template/js/masonry.pkgd.min.js]
[lmpixels.com/demo/sunshine/sunshine-version-2/sunshine-html-template/js/owl.carousel.min.js]
[lmpixels.com/demo/sunshine/sunshine-version-2/sunshine-html-template/js/jquery.magnific-popup.min.js]
[lmpixels.com/demo/sunshine/sunshine-version-2/sunshine-html-template/js/jquery.hoverdir.js]
[lmpixels.com/demo/sunshine/sunshine-version-2/sunshine-html-template/index.html]
[lmpixels.com/demo/sunshine/sunshine-version-2/sunshine-html-template/preview/lmpixels-demo-panel.js]
[lmpixels.com/demo/sunshine/sunshine-version-2/sunshine-html-template/js/main.js]
[lmpixels.com/demo/sunshine/sunshine-version-2/sunshine-html-template/fonts/glyphicons-halflings-regular.eot]
[lmpixels.com/demo/sunshine/sunshine-version-2/sunshine-html-template/fonts/glyphicons-halflings-regulard41d.eot]
[lmpixels.com/demo/sunshine/sunshine-version-2/sunshine-html-template/fonts/glyphicons-halflings-regular.woff2]
[lmpixels.com/demo/sunshine/sunshine-version-2/sunshine-html-template/fonts/glyphicons-halflings-regular.woff]
[lmpixels.com/demo/sunshine/sunshine-version-2/sunshine-html-template/fonts/glyphicons-halflings-regular.ttf]
[lmpixels.com/demo/sunshine/sunshine-version-2/sunshine-html-template/fonts/glyphicons-halflings-regular.svg]
[lmpixels.com/demo/sunshine/sunshine-version-2/sunshine-html-template/css/bootstrap.css]
[lmpixels.com/demo/sunshine/sunshine-version-2/sunshine-html-template/css/normalize.css]
[lmpixels.com/demo/sunshine/sunshine-version-2/sunshine-html-template/css/transition-animations.css]
[lmpixels.com/demo/sunshine/sunshine-version-2/sunshine-html-template/css/owl.video.play.png]
[lmpixels.com/demo/sunshine/sunshine-version-2/sunshine-html-template/css/owl.carousel.css]
[lmpixels.com/demo/sunshine/sunshine-version-2/sunshine-html-template/css/magnific-popup.css]
[lmpixels.com/demo/sunshine/sunshine-version-2/sunshine-html-template/css/animate.css]
[lmpixels.com/demo/sunshine/sunshine-version-2/sunshine-html-template/css/pe-icon-7-stroke.css]
[lmpixels.com/demo/sunshine/sunshine-version-2/sunshine-html-template/css/main.css]
[lmpixels.com/demo/sunshine/sunshine-version-2/sunshine-html-template/preview/lmpixels-demo-panel.css]
[lmpixels.com/demo/sunshine/sunshine-version-2/sunshine-html-template/images/portfolio/portfolio_details/1_1.jpg]
[lmpixels.com/demo/sunshine/sunshine-version-2/sunshine-html-template/css/font-awesome.css]
[lmpixels.com/demo/sunshine/sunshine-version-2/sunshine-html-template/images/portfolio/portfolio_details/1_2.jpg]
[lmpixels.com/demo/sunshine/sunshine-version-2/sunshine-html-template/images/portfolio/portfolio_details/1_3.jpg]
[lmpixels.com/demo/sunshine/sunshine-version-2/sunshine-html-template/portfolio-1.html]
[lmpixels.com/demo/sunshine/sunshine-version-2/sunshine-html-template/images/blog/blog_post_2_full.jpg]
[lmpixels.com/demo/sunshine/sunshine-version-2/sunshine-html-template/images/blog/comments/comment_photo_1.png]
[lmpixels.com/demo/sunshine/sunshine-version-2/sunshine-html-template/images/blog/comments/comment_photo_2.png]
[lmpixels.com/demo/sunshine/sunshine-version-2/sunshine-html-template/blog-post-1.html]
[lmpixels.com/demo/sunshine/sunshine-version-2/sunshine-html-template/index-2.html]
[lmpixels.com/demo/sunshine/sunshine-version-2/sunshine-html-template/fonts/glyphicons-halflings-regular.html]
[lmpixels.com/demo/sunshine/sunshine-version-2/sunshine-html-template/fonts/glyphicons-halflings-regulard41d.html]
[lmpixels.com/demo/sunshine/sunshine-version-2/sunshine-html-template/fonts/glyphicons-halflings-regular-2.html]
[lmpixels.com/demo/sunshine/sunshine-version-2/sunshine-html-template/fonts/glyphicons-halflings-regular-3.html]
[lmpixels.com/demo/sunshine/sunshine-version-2/sunshine-html-template/fonts/glyphicons-halflings-regular-4.html]
[lmpixels.com/demo/sunshine/sunshine-version-2/sunshine-html-template/fonts/glyphicons-halflings-regular-5.html]
[lmpixels.com/demo/sunshine/sunshine-version-2/sunshine-html-template/css/owl.video.play.html]
[lmpixels.com/demo/sunshine/sunshine-version-2/sunshine-html-template/fonts/Pe-icon-7-strokebb1d.eot]
[lmpixels.com/demo/sunshine/sunshine-version-2/sunshine-html-template/fonts/Pe-icon-7-stroked41d.eot]
[lmpixels.com/demo/sunshine/sunshine-version-2/sunshine-html-template/fonts/Pe-icon-7-strokebb1d.woff]
[lmpixels.com/demo/sunshine/sunshine-version-2/sunshine-html-template/fonts/Pe-icon-7-strokebb1d.ttf]
[lmpixels.com/demo/sunshine/sunshine-version-2/sunshine-html-template/css/pe-icon-7-stroke.css]
[lmpixels.com/demo/sunshine/sunshine-version-2/sunshine-html-template/fonts/fontawesome-webfont3e6e.eot]
[lmpixels.com/demo/sunshine/sunshine-version-2/sunshine-html-template/fonts/fontawesome-webfontd41d.eot]
[lmpixels.com/demo/sunshine/sunshine-version-2/sunshine-html-template/fonts/fontawesome-webfont3e6e.woff]
[lmpixels.com/demo/sunshine/sunshine-version-2/sunshine-html-template/fonts/fontawesome-webfont3e6e.ttf]
[lmpixels.com/demo/sunshine/sunshine-version-2/sunshine-html-template/css/font-awesome.css]
[lmpixels.com/demo/sunshine/sunshine-version-2/sunshine-html-template/fonts/Pe-icon-7-strokebb1d.svg]
[lmpixels.com/demo/sunshine/sunshine-version-2/sunshine-html-template/fonts/fontawesome-webfont3e6e.html]
[lmpixels.com/demo/sunshine/sunshine-version-2/sunshine-html-template/fonts/fontawesome-webfont3e6e.svg]
